// Jest Snapshot v1, https://goo.gl/fbAQLP

exports[`<StatCard /> Renders correctly 1`] = `ShallowWrapper {}`;
