// Jest Snapshot v1, https://goo.gl/fbAQLP

exports[`<SolarForm /> Renders correctly 1`] = `ShallowWrapper {}`;
